<html>
<body>
<pre>
<h1>µVision Build Log</h1>
<h2>Tool Versions:</h2>
IDE-Version: ¦ÌVision V5.25.2.0
Copyright (C) 2018 ARM Ltd and ARM Germany GmbH. All rights reserved.
License Information: simon huawei, tsinghua, LIC=UJWP0-B3G8P-BS5YX-H4KPL-4MU36-KG9QG
 
Tool Versions:
Toolchain:       MDK-ARM Plus  Version: 5.25.2.0
Toolchain Path:  C:\Keil_v5\ARM\ARMCC\Bin
C Compiler:      Armcc.exe V5.06 update 6 (build 750)
Assembler:       Armasm.exe V5.06 update 6 (build 750)
Linker/Locator:  ArmLink.exe V5.06 update 6 (build 750)
Library Manager: ArmAr.exe V5.06 update 6 (build 750)
Hex Converter:   FromElf.exe V5.06 update 6 (build 750)
CPU DLL:         SARMCM3.DLL V5.25.2.0
Dialog DLL:      DCM.DLL V1.17.1.0
Target DLL:      STLink\ST-LINKIII-KEIL_SWO.dll V3.0.1.0
Dialog DLL:      TCM.DLL V1.35.1.0
 
<h2>Project:</h2>
C:\Users\huawei\Desktop\Potatotype\Embeded End\MDK-ARM\Embeded End.uvprojx
Project File Date:  12/27/2021

<h2>Output:</h2>
*** Using Compiler 'V5.06 update 6 (build 750)', folder: 'C:\Keil_v5\ARM\ARMCC\Bin'
Build target 'Embeded End'
compiling taskhandle.c...
..\User\TaskHandle\taskhandle.c(108): warning:  #546-D: transfer of control bypasses initialization of:
            variable "message_len"  (declared at line 155)
  			switch(command){
  			^
..\User\TaskHandle\taskhandle.c(85): warning:  #177-D: variable "vars"  was declared but never referenced
  	struct expr_var_list vars = {0};
..\User\TaskHandle\taskhandle.c(86): warning:  #177-D: variable "e"  was declared but never referenced
  	struct expr *e; 
..\User\TaskHandle\taskhandle.c(87): warning:  #177-D: variable "result"  was declared but never referenced
  	float result;
..\User\TaskHandle\taskhandle.c(88): warning:  #177-D: variable "sysclock1"  was declared but never referenced
  	short sysclock1 = 0;  
..\User\TaskHandle\taskhandle.c(89): warning:  #177-D: variable "sysclock2"  was declared but never referenced
  	short sysclock2 = 0;
..\User\TaskHandle\taskhandle.c: 6 warnings, 0 errors
linking...
Program Size: Code=27976 RO-data=1580 RW-data=260 ZI-data=40924  
FromELF: creating hex file...
"Embeded End\Embeded End.axf" - 0 Error(s), 6 Warning(s).

<h2>Software Packages used:</h2>

Package Vendor: ARM
                http://www.keil.com/pack/ARM.CMSIS.5.3.0.pack
                ARM.CMSIS.5.3.0
                CMSIS (Cortex Microcontroller Software Interface Standard)
   * Component: CORE Version: 5.1.1

Package Vendor: Keil
                http://www.keil.com/pack/Keil.STM32L4xx_DFP.2.0.0.pack
                Keil.STM32L4xx_DFP.2.0.0
                STMicroelectronics STM32L4 Series Device Support, Drivers and Examples

<h2>Collection of Component include folders:</h2>
  .\RTE\_Embeded_End
  C:\Keil_v5\ARM\PACK\ARM\CMSIS\5.3.0\CMSIS\Include
  C:\Keil_v5\ARM\PACK\Keil\STM32L4xx_DFP\2.0.0\Drivers\CMSIS\Device\ST\STM32L4xx\Include

<h2>Collection of Component Files used:</h2>

   * Component: ARM::CMSIS:CORE:5.1.1
Build Time Elapsed:  00:00:22
</pre>
</body>
</html>
